// Jest Snapshot v1, https://goo.gl/fbAQLP

exports[`AddJugador renders a snapshot properly 1`] = `
<form
  onSubmit={[Function]}
>
  <h3>
    <strong>
      Crear una cuenta
    </strong>
  </h3>
  <div
    className="field"
  >
    <input
      className="input is-large"
      name="nombre"
      placeholder="Ingrese nombre"
      required={true}
      type="text"
    />
  </div>
  <div
    className="field"
  >
    <input
      className="input is-large"
      name="apellido"
      placeholder="Ingrese apellido"
      required={true}
      type="text"
    />
  </div>
  <div
    className="field"
  >
    <input
      className="input is-large"
      name="email"
      placeholder="Ingrese contraseña"
      required={true}
      type="email"
    />
  </div>
  <div
    className="field"
  >
    <input
      className="input is-large"
      name="celular"
      placeholder="Celular"
      required={true}
      type="text"
    />
  </div>
  <div
    className="field"
  >
    <input
      className="input is-large"
      name="fechanacimiento"
      required={true}
      type="Date"
    />
  </div>
  <div
    className="field"
  >
    <input
      className="input is-large"
      name="usuario"
      placeholder="Usuario"
      required={true}
      type="text"
    />
  </div>
  <div
    className="field"
  >
    <input
      className="input is-large"
      name="clave"
      placeholder="Contraseña"
      required={true}
      type="text"
    />
  </div>
  <input
    className="button is-primary is-large is-fullwidth"
    type="submit"
    value="Submit"
  />
</form>
`;
