// Jest Snapshot v1, https://goo.gl/fbAQLP

exports[`AddJugador renders a snapshot properly 1`] = `
<form
  onSubmit={[Function]}
>
  <h3>
    <strong>
      Crear una cuenta
    </strong>
  </h3>
  <div
    class="form-group"
  >
    <input
      class="form-control"
      id="nombre"
      name="nombre"
      placeholder="Nombre "
      required={true}
      type="text"
    />
  </div>
  <div
    class="form-group"
  >
    <input
      class="form-control"
      id="apellido"
      name="apellido"
      placeholder="Apellido"
      required={true}
      type="text"
    />
  </div>
  <div
    class="form-group"
  >
    <input
      class="form-control"
      id="email"
      name="email"
      placeholder="Correo electronico"
      required={true}
      type="email"
    />
  </div>
  <div
    class="form-group"
  >
    <div
      class="input-group"
    >
      <span
        class="input-group-addon"
      >
        <i
          class="glyphicon glyphicon-phone"
        />
      </span>
      <input
        class="form-control"
        id="celular"
        maxlength="9"
        name="celular"
        placeholder="Numero"
        required={true}
        type="text"
      />
    </div>
  </div>
  <div
    class="form-group"
  >
    <div
      class="input-group"
    >
      <span
        class="input-group-addon"
      >
        <i
          class="glyphicon glyphicon-calendar"
        />
      </span>
      <input
        class="form-control"
        id="fechanacimiento"
        name="fechanacimiento"
        placeholder="Nacimiento"
        required={true}
        type="Date"
      />
    </div>
  </div>
  <div
    class="form-group"
  >
    <div
      class="input-group"
    >
      <span
        class="input-group-addon"
      >
        <i
          class="glyphicon glyphicon-user"
        />
      </span>
      <input
        class="form-control"
        id="usuario"
        name="usuario"
        placeholder="Usuario"
        required={true}
        type="text"
      />
    </div>
  </div>
  <div
    class="form-group"
  >
    <div
      class="input-group"
    >
      <span
        class="input-group-addon"
      >
        <i
          class="glyphicon glyphicon-lock"
        />
      </span>
      <input
        class="form-control"
        id="clave"
        name="clave"
        placeholder="Contraseña"
        required={true}
        type="password"
      />
    </div>
  </div>
  <div
    class="form-group"
  >
    <div
      class="input-group"
    >
      <input
        checked={true}
        id="femenino"
        name="sexo"
        type="radio"
        value="1"
      />
      <label
        for="femenino"
      >
        Mujer
      </label>
      <input
        id="masculino"
        name="sexo"
        type="radio"
        value="2"
      />
      <label
        for="masculino"
      >
        Hombre
      </label>
    </div>
  </div>
  <div
    class="form-group"
  >
    <input
      class="btn btn-success"
      name="submit"
      type="submit"
      value="registrar"
    />
  </div>
</form>
`;
