// Jest Snapshot v1, https://goo.gl/fbAQLP

exports[`JugadoresList renders a snapshot properly 1`] = `
<div>
  <div
    class="row"
  >
    <div
      class="col-sm-6"
    >
      <img
        alt="author"
        height="80"
        src="images/perfil.png"
        width="80"
      />
    </div>
    <div
      class="col-sm-6"
    >
      <a
        class="h6 author-name"
      >
        estrella
        barrientos
      </a>
      <div
        class="birthday-date"
      >
         
        <strong>
          strella@gmail.com
        </strong>
      </div>
    </div>
  </div>
  <div
    class="row"
  >
    <div
      class="col-sm-6"
    >
      <img
        alt="author"
        height="80"
        src="images/perfil.png"
        width="80"
      />
    </div>
    <div
      class="col-sm-6"
    >
      <a
        class="h6 author-name"
      >
        estrella
        barrientos
      </a>
      <div
        class="birthday-date"
      >
         
        <strong>
          strella@gmail.com
        </strong>
      </div>
    </div>
  </div>
</div>
`;
